[tidy] clang-tidy : D:\Project\MrProper\build\tools\llvm\bin\clang-tidy.exe
[tidy] clang-cl   : D:\Project\MrProper\build\tools\llvm\bin\clang-cl.exe
[tidy] cmake      : C:\Program Files (x86)\Microsoft Visual Studio\2019\BuildTools\Common7\IDE\CommonExtensions\Microsoft\CMake\CMake\bin\cmake.exe
[tidy] ninja      : C:\Program Files (x86)\Microsoft Visual Studio\2019\BuildTools\Common7\IDE\CommonExtensions\Microsoft\CMake\Ninja\ninja.exe
[tidy] версия     : LLVM (http://llvm.org/):
[tidy] версия     : cmake version 3.20.21032501-MSVC_2
[tidy] версия     : 1.10.2
[tidy] vcvars64    : C:\Program Files (x86)\Microsoft Visual Studio\2019\BuildTools\VC\Auxiliary\Build\vcvars64.bat
[tidy] переменных окружения импортировано из vcvars64: 88

[tidy] база компиляции: 65 единиц всего, 15 в проверенных путях
[tidy]   TU D:/Project/MrProper/src/core/disk_model.cpp
[tidy]   TU D:/Project/MrProper/src/core/glob.cpp
[tidy]   TU D:/Project/MrProper/src/core/i18n.cpp
[tidy]   TU D:/Project/MrProper/src/core/json.cpp
[tidy]   TU D:/Project/MrProper/src/core/log.cpp
[tidy]   TU D:/Project/MrProper/src/core/plan.cpp
[tidy]   TU D:/Project/MrProper/src/core/report_html.cpp
[tidy]   TU D:/Project/MrProper/src/core/report_json.cpp
[tidy]   TU D:/Project/MrProper/src/core/rules.cpp
[tidy]   TU D:/Project/MrProper/src/core/rulesync.cpp
[tidy]   TU D:/Project/MrProper/src/core/scoring.cpp
[tidy]   TU D:/Project/MrProper/src/core/sizing.cpp
[tidy]   TU D:/Project/MrProper/src/core/trash.cpp
[tidy]   TU D:/Project/MrProper/src/core/undo.cpp
[tidy]   TU D:/Project/MrProper/src/core/units.cpp

[tidy] clang-tidy завершился за 268 с, код 0, протокол: D:\Project\MrProper\build\tidy-r2fmt\clang-tidy.log

=== clang-tidy: 15 единиц компиляции, 268 с ===
находок всего:                              82
из них правила clang-tidy:                   82
из них правила clang-analyzer-*:            0
из них диагностика clang-diagnostic-*:       0
severity: warning 82, error 0, note 0

--- находки по правилам (по убыванию) ---
   16  readability-function-size
   16  modernize-return-braced-init-list
   15  readability-function-cognitive-complexity
   11  modernize-use-emplace
    7  readability-braces-around-statements
    6  bugprone-exception-escape
    5  cert-err33-c
    2  modernize-loop-convert
    2  performance-inefficient-string-concatenation
    1  readability-simplify-boolean-expr
    1  performance-no-automatic-move

--- находки по файлам ---
   14  D:\Project\MrProper\src\core\report_html.cpp
    9  D:\Project\MrProper\src\core\log.cpp
    8  D:\Project\MrProper\src\core\plan.cpp
    8  D:\Project\MrProper\src\core\report_json.cpp
    8  D:\Project\MrProper\src\core\disk_model.cpp
    7  D:\Project\MrProper\src\core\rulesync.cpp
    7  D:\Project\MrProper\src\core\undo.cpp
    4  D:\Project\MrProper\src\core\scoring.cpp
    3  D:\Project\MrProper\src\core\rules.cpp
    3  D:\Project\MrProper\src\core\trash.cpp
    3  D:\Project\MrProper\src\core\sizing.cpp
    3  D:\Project\MrProper\src\core\json.cpp
    2  D:\Project\MrProper\src\core\i18n.cpp
    2  D:\Project\MrProper\src\core\glob.cpp
    1  D:\Project\MrProper\src\core\units.cpp
[tidy] сводка в JSON: D:\Project\MrProper\build\tidy-r2fmt\tidy-summary.json
DONE_RC=0 
