== MrProper core ==
  [ ok ] json_parcesScalars
  [ ok ] json_parsesNestedAndKeepsKeyOrder
  [ ok ] json_decodesEscapes
  [ ok ] json_rejectsGarbage
  [ ok ] json_rejectsWrongTypeOnAccess
  [ ok ] json_dumpIsDeterministic
  [ ok ] json_roundTripsUnicodeAndControlChars
  [ ok ] glob_starDoesNotCrossSeparator
  [ ok ] glob_doubleStarMatchesEmptyRemainder
  [ ok ] glob_doubleStarMatchesZeroSegments
  [ ok ] glob_questionMarkAndClasses
  [ ok ] glob_isCaseInsensitiveByDefault
  [ ok ] glob_backslashesAreNormalized
  [ ok ] glob_validatesPatterns
  [ ok ] glob_expandsEnvironment
  [ ok ] units_formatBytes
  [ ok ] units_formatCountAndAge
  [ ok ] units_formatPercent
  [ ok ] rules_loadsValidFile
  [ ok ] rules_rejectsUnknownField
  [ ok ] rules_rejectsBadIdAndSafety
  [ ok ] rules_rejectsWrongSchemaVersion
  [ ok ] rules_rejectsTooBroadSafeRule
  [ ok ] rules_mergesFilesAndExpandsEnvironment
  [ ok ] rules_reportsUnresolvedEnvironment
  [ ok ] rules_rejectsDuplicateIds
  [ ok ] scoring_freshFilesAreNotSafe
  [ ok ] scoring_oldFilesAreConfident
  [ ok ] scoring_lockedProcessesLowerConfidence
  [ ok ] scoring_systemDirectoryNeverStaysSafe
  [ ok ] scoring_userProfileCostsConfidence
  [ ok ] scoring_tinyVolumeIsNotWorthIt
  [ ok ] scoring_confidenceStaysInRange
  [ ok ] i18n_languageTags
  [ ok ] i18n_parseLanguageAcceptsRegionAndCase
  [ ok ] i18n_parseLanguageRejectsUnknown
  [ ok ] i18n_directionIsLtrForRuEn
  [ ok ] i18n_formatIntegerGroupsThousands
  [ ok ] i18n_formatDecimalUsesLocaleSeparators
  [ ok ] i18n_formatDecimalDoesNotGroupSpecialValues
  [ ok ] i18n_formatTemplatePositional
  [ ok ] i18n_formatTemplateNamed
  [ ok ] i18n_formatTemplateKeepsUnknownPlaceholders
  [ ok ] i18n_formatTemplateEscapesBraces
  [ ok ] i18n_formatTemplateIgnoresHugeIndex
  [ ok ] i18n_pluralIndexFollowsCldr
  [ ok ] i18n_selectPluralFormPicksAndFallsBackToLast
  [ ok ] i18n_catalogAddDoesNotOverwriteSilently
  [ ok ] i18n_catalogCountsKeysAndTranslations
  [ ok ] i18n_catalogReportsMissingTranslations
  [ ok ] i18n_resolveFallsBackToDefaultThenToKey
  [ ok ] i18n_resolvePluralUsesFoundLanguageForms
  [ ok ] i18n_localizerSwitchesLanguageInPlace
  [ ok ] i18n_localizerRevisionChangesOnlyOnRealChange
  [ ok ] i18n_localizerSnapshotSurvivesReload
  [ ok ] i18n_localizerToggleLanguage
  [ ok ] i18n_localizerNumberFormatFeedsTemplates
  [ ok ] i18n_localizerTrPluralWithExtraArguments
  [ ok ] i18n_localizerMissingTranslationsFollowLanguage
  [ ok ] i18n_processWideLocalizerServesFreeFunctions
  [ ok ] plan_emptyCandidates_givesEmptyPlan
  [ ok ] plan_emptyCandidates_skipCountersAreZero
  [ ok ] plan_emptyCandidates_hasNoOperations
  [ ok ] plan_emptyCandidates_dryRunShowsNothingToDo
  [ ok ] plan_emptyCandidates_snapshotIsEmpty
  [ ok ] plan_emptyCandidates_jsonHasZeroTotals
  [ ok ] plan_emptyCandidates_signatureDependsOnOptionsOnly
  [ ok ] plan_emptyCandidates_dryRunGateDoesNotBlock
  [ ok ] plan_aggregates_selectedCountAndBytes
  [ ok ] plan_aggregates_allExcludesLocked
  [ ok ] plan_aggregates_safeOnlyCountsOnlySafeLevel
  [ ok ] plan_aggregates_safeOnlyExcludesLockedSafe
  [ ok ] plan_aggregates_byActionCountsAndBytes
  [ ok ] plan_aggregates_skipReasonCounters
  [ ok ] plan_aggregates_tooSmallAndProfileFilteredCounters
  [ ok ] plan_categories_sortedBySelectedBytes
  [ ok ] plan_categories_tieBrokenByNameAscending
  [ ok ] plan_categories_splitBytesAndCounts
  [ ok ] plan_categories_lockedBytesExcludedButCounted
  [ ok ] plan_itemLookupIsByCandidateIndex
  [ ok ] plan_operationIndexesListRemovableInOrder
  [ ok ] plan_validateAcceptsBuiltPlanForManyProfiles
  [ ok ] plan_validateCatchesTamperedReclaimBytes
  [ ok ] plan_validateCatchesForeignSkipLocked
  [ ok ] plan_validateCatchesWrongItemCount
  [ ok ] plan_threshold_selectsAtTheBoundary
  [ ok ] plan_threshold_defaultMatchesScoringThreshold
  [ ok ] plan_threshold_aboveScaleIsClampedToHundred
  [ ok ] plan_threshold_belowScaleIsClampedToZero
  [ ok ] plan_threshold_skippedForEverythingProfile
  [ ok ] plan_threshold_appliesInSafeOnlyProfile
  [ ok ] plan_threshold_changeIsVisibleInSignature
  [ ok ] plan_threshold_selectionChangeIsVisibleInSignature
  [ ok ] plan_minReclaimBytes_boundaryAndBelow
  [ ok ] plan_profile_safeOnlyKeepsOnlySafe
  [ ok ] plan_profile_recommendedKeepsOnlySafeByDefault
  [ ok ] plan_riskyHiddenUntilUserAllowsIt
  [ ok ] plan_lockedBeatsEveryProfileAndOption
  [ ok ] plan_trashOrDirectDeleteByVolume
  [ ok ] plan_customTrashThresholdIsHonoured
  [ ok ] plan_decideCandidateIsPureAndConsistentWithPlan
  [ ok ] plan_everyDecisionHasHumanReason
  [ ok ] plan_profileNameParsing
  [ ok ] plan_profileAndSkipReasonTokens
  [ ok ] plan_isRemovableActionOnlyForDeleteAndTrash
  [ ok ] plan_dryRunSplitsOperationsAndUntouched
  [ ok ] plan_dryRunDropsItemThatContradictsCandidate
  [ ok ] plan_dryRunIgnoresOutOfRangeItemIndex
  [ ok ] plan_dryRunIsOffWhenOptionSaysSo
  [ ok ] plan_jsonIsDeterministicAndAgreesWithTotals
  [ ok ] plan_snapshotCarriesOperationsAndSignature
  [ ok ] plan_dryRunGateAsksAgainAfterPlanChanged
  [ ok ] plan_selectionToYoungFileNeverReachesOperations
  [ ok ] plan_selectionExcludedPathNeverReachesOperations
  [ ok ] plan_selectionBigFilesWithoutSizeThresholdNeverSelected
  [ ok ] plan_selectionEstimateOnlyStaysEstimateOnly
  [ ok ] plan_selectionReviewOffByDefault
  [ ok ] plan_safetyCeilingSkipReasonsMeanOneDecision
  [ ok ] plan_dryRunOperationCarriesRiskLevelAndEvidence
  [ ok ] plan_dryRunTextNamesRiskLevelAndReason
  [ ok ] plan_jsonCarriesEvidenceForEveryOperation
  [ ok ] plan_manifestProducesOperationsWithoutItFailsClosed
  [ ok ] plan_manifestSurvivesReportJsonForTheCli
  [ ok ] reportJson_maskSerialKeepsTailOfFour
  [ ok ] reportJson_maskSerialHidesShortAndEmptySerials
  [ ok ] reportJson_maskVolumeGuidKeepsPathShape
  [ ok ] reportJson_guidToStringIsCanonicalLowercase
  [ ok ] reportJson_reportTokensAreStable
  [ ok ] reportJson_isByteForByteDeterministic
  [ ok ] reportJson_endsWithNewlineAndHasFixedKeyOrder
  [ ok ] reportJson_indentOnlyChangesLayout
  [ ok ] reportJson_roundTripIsStable
  [ ok ] reportJson_partitionMapIsDeterministicAndSharesDiskSchema
  [ ok ] reportJson_survivesHostileStringsUnchanged
  [ ok ] reportJson_serialIsMaskedByDefaultAndVisibleOnRequest
  [ ok ] reportJson_maskingOnlyChangesPrivacyFields
  [ ok ] reportJson_emptySectionsArePresentEvenWhenSwitchedOff
  [ ok ] reportJson_totalsCountOnlyWhatFreedSpace
  [ ok ] reportJson_onlyRemovingOperationsFreeSpace
  [ ok ] reportJson_failedRemovalIsCountedByActionNotBySuccess
  [ ok ] reportJson_sampleReportPassesValidation
  [ ok ] reportJson_validationCatchesBrokenInvariants
  [ ok ] reportJson_validationIgnoresChecksWhenCandidatesListIsAbsent
  [ ok ] reportHtml_escapesMarkupQuotesAndControlChars
  [ ok ] reportHtml_userDataCannotCloseTags
  [ ok ] reportHtml_maskSerialNumberKeepsTwoEdges
  [ ok ] reportHtml_maskSerialNumberEdgeCases
  [ ok ] reportHtml_serialsAreMaskedInReportByDefault
  [ ok ] reportHtml_unmaskedSerialsAppearOnlyOnExplicitRequest
  [ ok ] reportHtml_maskedFooterOnlyWhenThereIsSomethingToMask
  [ ok ] reportHtml_renderIsByteForByteDeterministic
  [ ok ] reportHtml_documentIsSelfContained
  [ ok ] reportHtml_externalReferencesAreDetected
  [ ok ] reportHtml_languageSwitchesSignsOnly
  [ ok ] reportHtml_languageIsDerivedFromTag
  [ ok ] reportHtml_timeAndDurationDoNotDependOnHost
  [ ok ] reportHtml_durationFormattingMatchesTheReportStyle
  [ ok ] reportHtml_containsEveryRequiredSection
  [ ok ] reportHtml_dryRunSaysSoAndHidesFreedBytes
  [ ok ] reportHtml_truncatedListsSayHowManyWereShown
  [ ok ] reportHtml_emptySectionsAreRenderedAsEmptyNotOmitted
  [ ok ] reportHtml_hiddenSectionsAreNotRendered
  [ ok ] reportHtml_minimalInputStillRendersAWholeDocument
  [ ok ] report_operationsTableShowsRiskLevelOfEveryOperation
  [ ok ] report_operationsRiskColumnFollowsReportLanguage
  [ ok ] report_operationsRiskLevelSurvivesMissingCandidatesSection
  [ ok ] rules_fuzz_brokenJsonIsRejectedCleanly
  [ ok ] rules_fuzz_unknownFieldsAreRejectedAtEveryLevel
  [ ok ] rules_fuzz_rejectCharactersInFieldsAreRejected
  [ ok ] rules_fuzz_deepNestingAndOversizedInputsAreRejectedCleanly
  rules_fuzz: 2500 входов, принято 388, отказов 2112 (не через RuleError: 5), 0.94 с
  [ ok ] rules_fuzz_mutatedRuleFilesNeverBreakTheLoader
  [ ok ] rules_fuzz_failuresDoNotLeakIntoNextLoad
  rules_fuzz multi-file: принято 4, отказов 196
  [ ok ] rules_fuzz_multiFileSetIsAllOrNothing
  rules_fuzz диагностика: нет поля rules    отказ через runtime_error: нет обязательного поля "rules"
  rules_fuzz диагностика: нет id                отказ через runtime_error: нет обязательного поля "id"
  rules_fuzz диагностика: нет category          отказ через runtime_error: нет обязательного поля "category"
  rules_fuzz диагностика: нет safety            отказ через runtime_error: нет обязательного поля "safety"
  rules_fuzz диагностика: нет locator           отказ через runtime_error: нет обязательного поля "locator"
  rules_fuzz диагностика: groupByProfile не bool отказ через runtime_error: ожидалось поле типа bool
  rules_fuzz диагностика: title.ru не строка принят молча
  rules_fuzz диагностика: отказов не через RuleError: 6 из 7
  [ ok ] rules_fuzz_diagnosticWhereRejectionLeavesRuleErrorChannel
  [ ok ] rules_fuzz_matchingSurvivesHostilePaths
  [ ok ] rules_manifest_testFindsRuleSetOnDisk
  [ ok ] rules_manifest_allRuleFilesParseStrictly
  [ ok ] rules_manifest_ruleIdsAreUniqueAndWellFormed
  [ ok ] rules_manifest_coversEverySpecCategory
  [ ok ] rules_manifest_minimumRuleCount
  [ ok ] rules_manifest_manifestDeclaresEveryRuleFileWithMatchingHash
  [ ok ] rules_manifest_coreParsesManifestAndVerifiesFiles
  [ ok ] rules_manifest_realSetPassesFullVerificationPipeline
  [ ok ] rules_manifest_coreAcceptsMergedSetOfRealFiles
  [ ok ] rules_manifest_sha256ImplementationIsTrustworthy
  [ ok ] rules_manifest_detectsTamperedFileContent
  [ ok ] rules_manifest_detectsUnlistedAndMissingFiles
  [ ok ] rules_manifest_detectsTamperingInRealRuleSet
  [ ok ] rulesync_signedSetIsAcceptedAndBrokenSignatureIsRefused
  [ ok ] rulesync_signatureIsCheckedAgainstExactManifestBytes
  [ ok ] rulesync_requiredSignatureWithoutVerifierIsRefusedNotSkipped
  [ ok ] rulesync_signatureNotRequiredStaysUncheckedButUsable
  [ ok ] rulesync_signatureProblemIsReportedBeforeFileHashes
  [ ok ] rulesync_verifyOrThrowNamesEveryReasonOfRefusal
  [ ok ] rulesync_detectsHashMismatchEvenWhenSizeIsUnchanged
  [ ok ] rulesync_detectsSizeMismatchDeclaredInManifest
  [ ok ] rulesync_checksHashWhenManifestDeclaresNoSize
  [ ok ] rulesync_unlistedFileIsRefusedEvenWithValidSignature
  [ ok ] rulesync_missingAndDuplicatedFilesAreRefused
  [ ok ] rulesync_unparsableManifestIsReportedAsDataNotThrown
  [ ok ] rulesync_hostileManifestShapesAreRefusedWithReason
  [ ok ] rulesync_minAppVersionGateBlocksSetForNewerApp
  [ ok ] rulesync_versionComparisonIsNumericNotLexicographic
  [ ok ] rulesync_verifiedSetIsParsedByRuleLoader
  [ ok ] rulesync_ruleFileWithUnknownFieldIsRefusedAfterVerification
  [ ok ] rulesync_loadVerifiedRuleSetRefusesUnverifiedAndIncompleteInput
  [ ok ] rulesync_verifiedCandidateIsAppliedAndStateRecordsIt
  [ ok ] rulesync_unverifiedCandidateIsNeverApplied
  [ ok ] rulesync_rejectedCandidateKeepsCurrentSetInsteadOfRollingBack
  [ ok ] rulesync_rollsBackToLastGoodOnlyWhenCurrentSetIsNotVerified
  [ ok ] rulesync_failedCheckFallsBackToEmbeddedWhenNothingIsVerified
  [ ok ] rulesync_updateCheckHappensAtMostOncePerDay
  [ ok ] rulesync_startupNeverLeavesAppWithoutRuleSet
  [ ok ] rulesync_resetToEmbeddedDisablesAutoUpdate
  [ ok ] rulesync_statusSurvivesRestartAndBrokenStateIsNotFatal
  [ ok ] rulesync_offlineLifecycleKeepsAppSuppliedWithRuleSet
  [ ok ] sizing_dispositionNames
  [ ok ] sizing_classifyCoversEveryPairOfRelation
  [ ok ] sizing_classifyZeroLogicalIsNotEmptyWhenItOccupiesClusters
  [ ok ] sizing_emptyPairIsEmptyAndHasNoDifference
  [ ok ] sizing_directoryOccupiesClusterWithoutLogicalData
  [ ok ] sizing_alignToClusterRoundsUpOrKeepsExactMultiple
  [ ok ] sizing_alignToClusterWithoutClusterInfoDoesNothing
  [ ok ] sizing_sparseFileReportsOnlyAllocatedAsReclaimable
  [ ok ] sizing_clusterRoundingIsOverheadNotSparse
  [ ok ] sizing_sparseAndOverheadNeverBothNonZero
  [ ok ] sizing_saturatingAddStopsAtMaxInsteadOfWrapping
  [ ok ] sizing_saturatingSubNeverGoesBelowZero
  [ ok ] sizing_alignToClusterSaturatesInsteadOfOverflowing
  [ ok ] sizing_analyzeSizeAtMaxDoesNotUnderflow
  [ ok ] sizing_accumulatorSumsSaturateOnOverflow
  [ ok ] sizing_accumulatorFileCountSaturates
  [ ok ] sizing_estimateUsesAllocatedWhenKnown
  [ ok ] sizing_estimateFallsBackToLogicalAndMarksIt
  [ ok ] sizing_estimateOfEmptyInputIsNotAnEstimate
  [ ok ] sizing_candidateZeroAllocatedIsReadAsUnknown
  [ ok ] sizing_planActionDecidesWhetherDiskIsFreed
  [ ok ] sizing_accumulatorSplitsSparseAndOverhead
  [ ok ] sizing_accumulatorEstimatedDoesNotInventSparse
  [ ok ] sizing_accumulatorDirectoryAddsOnlyCluster
  [ ok ] sizing_accumulatorResetClearsEverything
  [ ok ] sizing_aggregateByScopeExcludesRiskyByDefault
  [ ok ] sizing_aggregateCountsFileCountNotJustItems
  [ ok ] sizing_aggregateKeepsSparseAndOverheadApart
  [ ok ] sizing_aggregateReportsUnknownAllocatedAsEstimate
  [ ok ] sizing_aggregateRespectsConfidenceThreshold
  [ ok ] sizing_aggregateSelectedIgnoresDuplicatesAndOutOfRange
  [ ok ] sizing_aggregateSelectedStillAppliesConfidence
  [ ok ] sizing_aggregateSaturatesOnAbsurdInput
  [ ok ] sizing_aggregateOverManyItemsStaysConsistent
  [ ok ] sizing_groupSizesSortsByReclaimableDescThenKey
  [ ok ] sizing_groupSizesSumsInsideGroup
  [ ok ] sizing_groupSizesUsesUnknownKeyForEmptyCategory
  [ ok ] sizing_groupSizesByRuleIdAndSafety
  [ ok ] sizing_groupSizesNoneIsSingleGroupAndRespectsScope
  [ ok ] sizing_describeSizeUsageExplainsEveryDisposition
  [ ok ] sizing_describeTotalsAlwaysNamesAllocatedBasis
  [ ok ] sizing_describeTotalsMentionsEstimateSparseAndOverhead
  [ ok ] sizing_describeTotalsOfEmptySetSaysNothingFalse
  [ ok ] sizing_defaultClusterMatchesNtfs
  [ ok ] trash_limits_matchSpecByDefault
  [ ok ] trash_undoModuleUsesTheSameSpecLimits
  [ ok ] trash_largeItemGoesDirectDelete
  [ ok ] trash_itemBiggerThanWholeLimitGoesDirectDelete
  [ ok ] trash_crossVolumeBigItemGoesDirectDeleteButSmallStays
  [ ok ] trash_placementOverLimitEvictsOldestAndNamesIt
  [ ok ] trash_placementWithUsageOnlyReportsHowManyBytesToEvict
  [ ok ] trash_overfullTrashRejectsEvenEmptyItem
  [ ok ] trash_restoredTransactionIsNotEvicted
  [ ok ] trash_evictionTakesExpiredFirstThenOldestBySize
  [ ok ] trash_evictionBySizeNeverRunsWhenNothingComes
  [ ok ] trash_expiredSelectionIsOrderedAndBoundaryExact
  [ ok ] trash_undoableOnlyWhenCommitted
  [ ok ] trash_collapseAccumulatesLostBytesAndKillsUndo
  [ ok ] trash_restoredTransactionStopsOccupyingSpace
  [ ok ] trash_totalsSaturateInsteadOfWrappingToZero
  [ ok ] trash_manifestRoundTripKeepsEverythingRestoreNeeds
  [ ok ] trash_manifestRejectsUnknownFieldSchemaAndBrokenEnvelope
  [ ok ] trash_manifestRejectsBrokenItems
  [ ok ] trash_manifestRefusesPathsThatLeaveTheTrashRoot
  [ ok ] trash_garbageManifestBecomesTrashError
  [ ok ] trash_txIdAndTimestampsAreDeterministic
  [ ok ] trash_pathsJoinLikeWindowsAndStayInsideRoot
  [ ok ] trash_ledgerLifecycleKeepsStateMachine
  [ ok ] trash_ledgerAdoptReplacesAndForgetRemoves
  [ ok ] trash_ledgerEvictionPlanUsesLedgerLimits
  [ ok ] trash_summaryTellsTheUserLimitAndCount
  [ ok ] trash_restorePlanSeparatesConflictsFromMissingContent
  [ ok ] trash_restorePlanReportsMissingContentInsteadOfHidingIt
  [ ok ] trash_restorePlanSupportsPartialSelectionAndRefusesBadIndex
  [ ok ] undo_admitLargeItemIsDirectDelete
  [ ok ] undo_admitWithinLimitIsAccepted
  [ ok ] undo_admitUsesExpiredCleanupWithoutTouchingLiveUndo
  [ ok ] undo_admitEvictsOldestTransactionsWhenOverLimit
  [ ok ] undo_admitRefusesWhenNothingCanBeEvicted
  [ ok ] undo_evictionOrderIsExpiredThenOldestThenTxId
  [ ok ] undo_purgePlanCleansExpiredEvenWithNothingToStore
  [ ok ] undo_purgePlanReportsShortfallItCannotCover
  [ ok ] undo_manifestRoundTripKeepsEverythingRestoreNeeds
  [ ok ] undo_manifestRejectsUnsafeStoredPath
  [ ok ] undo_manifestRejectsUnknownSchemaAndBrokenEntries
  [ ok ] undo_manifestToleratesFutureFieldsButNotFutureData
  [ ok ] undo_pathsAreWindowsStyleAndStable
  [ ok ] undo_undoAvailableUntilCollapsedOrNothingLeft
  [ ok ] undo_restorePlanAsksBeforeOverwriting
  [ ok ] undo_restorePlanAppliesOverwriteRenameAndSkip
  [ ok ] undo_restorePlanUnfixableConflictsStaySkipped
  [ ok ] undo_restorePlanMissingParentIsWarningNotBlock
  [ ok ] undo_restorePlanSpaceIsCountedPerVolume
  [ ok ] undo_restorePlanSkipsAlreadyRestoredAndLostContent
  [ ok ] undo_restorePlanTypeMismatchIsOverwritable
  [ ok ] undo_restorePlanSupportsPartialSelection
  [ ok ] undo_restorePlanRefusesBrokenPlatformInput
  [ ok ] undo_renameTargetKeepsNameRecognizable
  [ ok ] undo_summarizeCountsEveryOutcome
  [ ok ] undo_applyRestoredCollapsesOnlyWhenNothingIsLeft
  [ ok ] undo_transferOnSameVolumeIsMove
  [ ok ] undo_crossVolumeTransferWarnsBeforeTheUserClicks
  [ ok ] undo_unknownVolumeStillWarnsBecauseCopyingIsTheWorstCase
  [ ok ] undo_restoreCostIsChargedPerVolumeNotPerFile
ALL PASS: 320 проверок, провалов 0
