[ui] страница 'disks': nav.current поставлен, прежнее значение 'settings' (было: да)
[ui] режим темы приложения: dark (системную тему не трогаем)
[ui] масштаб шрифта на время прогона: 100% (прежнее значение вернётся)
[ui] --- прогон 1 из 1 ---
[ui] страница 'disks' выбрана состоянием (nav.current), состояние интерфейса НЕ сбрасывается - фокус не трогаем
[ui] процесс приложения: pid 8632
[ui] окно 'MrProper' класс 'MrProper.MainWindow' 900x600
[ui] стартовая страница: disks (видимых экранов: 1)
[ui] минимум окна до эмуляции: 900x600 (системный dpi окна: 96)
[ui] запросили окно 900x600 (900x600 DIP при dpi 96), получили 900x600
[ui] клиентская область 884x565 (окно 900x600)
[ui] printwindow=True размер=900x600 фон=43,43,43 чернила=50228 из 125086 точек (40.15%, порог 2000)
[ui] яркость фона 0,0242 (ожидалась тема dark)
[ui] окно содержимого 660x565 в (232,27), в снимке 660x565
[ui] содержимое: фон=43,43,43 чернила=47298 из 93390 точек (50,65%, порог 5000) цветов=64
[ui] центр 70%: 462x395 чернила=23727 из 45738 точек (51,88%, порог 250)
  [шапка] столбцов=3 ширины=424+92+92 полоса=646 хвост=26 фон=240,240,240
  [строки] строк=10 фон строки=255,255,255 текст=0 px из 114380 px (0%), полоса текста=0 px (0% ширины), макс. серия=0 px
[ui] страница 'disks': проверено видимых элементов 13, невидимых списков 1 (без -AllPages)
[ui] ПРОВАЛ: строки списка нарисованы невидимыми на стартовой странице
SysListView32          "Диски"          (6,176) 648x389  строк 10, а текста всего 0 px при пороге 400 - строки нарисованы цветом фона
[ui] Хост содержимого: клиентская область 660x565, окно содержимого 884x565
[ui] страница выбрана ключом -Page 'disks' (nav.current), фокус не перехватывался
[ui] закрылся сам, код 0
[ui] nav.current возвращён: 'settings'
