[ui] страница 'report': nav.current поставлен, прежнее значение 'settings' (было: да)
[ui] режим темы приложения: dark (системную тему не трогаем)
[ui] масштаб шрифта на время прогона: 100% (прежнее значение вернётся)
[ui] --- прогон 1 из 1 ---
[ui] страница 'report' выбрана состоянием (nav.current), состояние интерфейса НЕ сбрасывается - фокус не трогаем
[ui] процесс приложения: pid 21020
[ui] окно 'MrProper' класс 'MrProper.MainWindow' 900x600
[ui] стартовая страница: report (видимых экранов: 1)
[ui] минимум окна до эмуляции: 900x600 (системный dpi окна: 96)
[ui] запросили окно 900x600 (900x600 DIP при dpi 96), получили 900x600
[ui] клиентская область 884x565 (окно 900x600)
[ui] printwindow=True размер=900x600 фон=43,43,43 чернила=13709 из 125086 точек (10.96%, порог 2000)
[ui] яркость фона 0,0242 (ожидалась тема dark)
[ui] окно содержимого 660x565 в (232,27), в снимке 660x565
[ui] содержимое: фон=43,43,43 чернила=10773 из 93390 точек (11,54%, порог 5000) цветов=11
[ui] центр 70%: 462x395 чернила=1903 из 45738 точек (4,16%, порог 250)
  [шапка] столбцов=4 ширины=88+80+128+316 полоса=642 хвост=14 фон=240,240,240
  [строки] строк=0 фон строки=43,43,43 текст=0 px из 174624 px (0%), полоса текста=0 px (0% ширины), макс. серия=0 px
[ui] страница 'report': проверено видимых элементов 12, невидимых списков 0 (без -AllPages)
[ui] ИТОГ: окно=900x600 клиент=884x565 чернила-клиент=13709 чернила-содержимое=10773 цветов=11 центр=1903 страница=report
[ui] окно нарисовало содержимое. Снимок: D:\Temp\u2tmp\d77_report.png
[ui] закрылся сам, код 0
[ui] nav.current возвращён: 'settings'
