[ui] страница 'disks': nav.current поставлен, прежнее значение 'settings' (было: да)
[ui] режим темы приложения: dark (системную тему не трогаем)
[ui] масштаб шрифта на время прогона: 100% (прежнее значение вернётся)
[ui] --- прогон 1 из 1 ---
[ui] страница 'disks' выбрана состоянием (nav.current), состояние интерфейса НЕ сбрасывается - фокус не трогаем
[ui] процесс приложения: pid 2760
[ui] окно 'MrProper' класс 'MrProper.MainWindow' 900x600
[ui] стартовая страница: disks (видимых экранов: 1)
[ui] минимум окна до эмуляции: 900x600 (системный dpi окна: 96)
[ui] запросили окно 900x600 (900x600 DIP при dpi 96), получили 900x600
[ui] клиентская область 884x565 (окно 900x600)
[ui] printwindow=True размер=900x600 фон=43,43,43 чернила=23956 из 125086 точек (19.15%, порог 2000)
[ui] яркость фона 0,0242 (ожидалась тема dark)
[ui] окно содержимого 660x565 в (232,27), в снимке 660x565
[ui] содержимое: фон=43,43,43 чернила=21026 из 93390 точек (22,51%, порог 5000) цветов=64
[ui] центр 70%: 462x395 чернила=7146 из 45738 точек (15,62%, порог 250)
  [шапка] столбцов=3 ширины=424+92+92 полоса=646 хвост=26 фон=240,240,240
  [строки] строк=10 фон строки=43,43,43 текст=12128 px из 239020 px (5,07%), полоса текста=574 px (88,85% ширины), макс. серия=18 px
[ui] страница 'disks': проверено видимых элементов 13, невидимых списков 0 (без -AllPages)
[ui] ИТОГ: окно=900x600 клиент=884x565 чернила-клиент=23956 чернила-содержимое=21026 цветов=64 центр=7146 страница=disks
[ui] окно нарисовало содержимое. Снимок: D:\Temp\u2tmp\d77_final.png
[ui] закрылся сам, код 0
[ui] nav.current возвращён: 'settings'
