[ui] режим темы приложения: dark (системную тему не трогаем)
[ui] масштаб шрифта на время прогона: 100% (прежнее значение вернётся)
[ui] --- прогон 1 из 1 ---
[ui] состояние интерфейса сброшено флагом запуска --fresh-ui-state
[ui] процесс приложения: pid 10904
[ui] окно 'MrProper' класс 'MrProper.MainWindow' 1136x795
[ui] стартовая страница: overview (видимых экранов: 1)
[ui] минимум окна до эмуляции: 900x600 (системный dpi окна: 96)
[ui] DPI 144 (запрошено 150%), минимум окна 1350x900, ждали 1350x900
[ui] запросили окно 1920x1080 (1280x720 DIP при dpi 144), получили 1920x1080
[ui] клиентская область 1904x1045 (окно 1920x1080)
[ui] printwindow=True размер=1920x1080 фон=43,43,43 чернила=59402 из 497896 точек (11.93%, порог 2000)
[ui] яркость фона 0,0242 (ожидалась тема dark)
[ui] окно содержимого 1568x1045 в (344,27), в снимке 1568x1045
[ui] содержимое: фон=43,43,43 чернила=52277 из 410032 точек (12,75%, порог 5000) цветов=10
[ui] центр 70%: 1098x731 чернила=6868 из 200934 точек (3,42%, порог 250)
[ui] страница 'overview': проверено видимых элементов 3, невидимых списков 0 (без -AllPages)
[ui] ИТОГ: окно=1920x1080 клиент=1904x1045 чернила-клиент=59402 чернила-содержимое=52277 цветов=10 центр=6868 страница=overview
[ui] окно нарисовало содержимое. Снимок: D:\Temp\u2tmp\reg_150.png
[ui] закрылся сам, код 0
