[ui] страница 'settings': nav.current поставлен, прежнее значение 'overview' (было: да)
[ui] режим темы приложения: dark (системную тему не трогаем)
[ui] масштаб шрифта на время прогона: 100% (прежнее значение вернётся)
[ui] --- прогон 1 из 1 ---
[ui] страница 'settings' выбрана состоянием (nav.current), состояние интерфейса НЕ сбрасывается - фокус не трогаем
[ui] окно 'MrProper' класс 'MrProper.MainWindow' 900x600
[ui] стартовая страница: settings (видимых экранов: 1)
[ui] минимум окна до эмуляции: 900x600 (системный dpi окна: 96)
[ui] запросили окно 900x600 (900x600 DIP при dpi 96), получили 900x600
[ui] клиентская область 884x565 (окно 900x600)
[ui] printwindow=True размер=900x600 фон=43,43,43 чернила=47842 из 125086 точек (38.25%, порог 2000)
[ui] яркость фона 0,0242 (ожидалась тема dark)
[ui] окно содержимого 660x565 в (232,27), в снимке 660x565
[ui] содержимое: фон=43,43,43 чернила=44927 из 93390 точек (48,11%, порог 5000) цветов=8
[ui] центр 70%: 462x395 чернила=22911 из 45738 точек (50,09%, порог 250)
  [шапка] столбцов=3 ширины=380+118+120 полоса=644 хвост=20 фон=240,240,240 (полос не-столбцов отброшено: 1)
  [строки] строк=138 фон строки=240,240,240 текст=18364 px из 127260 px (14,43%), полоса текста=566 px (93,4% ширины), макс. серия=10 px
[ui] страница 'settings': проверено видимых элементов 18, невидимых списков 0 (без -AllPages)
[ui] ИТОГ: окно=900x600 клиент=884x565 чернила-клиент=47842 чернила-содержимое=44927 цветов=8 центр=22911 страница=settings
[ui] окно нарисовало содержимое. Снимок: D:\Temp\u2tmp\reg.png
[ui] закрылся сам, код 0
[ui] nav.current возвращён: 'overview'
